[lojademo.meucatalogodigital.com/lojademo/index.html]
[backblue.gif]
[fade.gif]
[index.html]
[cdn.meucatalogodigital.com/lojademo/logo-1.png]
[lojademo.meucatalogodigital.com/css/estilosf59c.css]
[lojademo.meucatalogodigital.com/owl-carousel/assets/owl.carousel.css]
[lojademo.meucatalogodigital.com/owl-carousel/assets/owl.theme.default1e95.css]
[lojademo.meucatalogodigital.com/fancybox/jquery.fancybox.min.css]
[connect.facebook.net/en_US/fbevents.js]
[lojademo.meucatalogodigital.com/imagens/carrinho.png]
[lojademo.meucatalogodigital.com/lojademo/carrinho/index.html]
[cdn.meucatalogodigital.com/lojademo/1047713-3.jpg]
[lojademo.meucatalogodigital.com/lojademo/produto/633463/index.html]
[cdn.meucatalogodigital.com/lojademo/1005230-3.jpg]
[lojademo.meucatalogodigital.com/lojademo/produto/591356/index.html]
[lojademo.meucatalogodigital.com/lojademo/produto/579541/index.html]
[cdn.meucatalogodigital.com/lojademo/955260-3.jpg]
[cdn.meucatalogodigital.com/lojademo/812090-3.jpg]
[lojademo.meucatalogodigital.com/lojademo/produto/495928/index.html]
[cdn.meucatalogodigital.com/lojademo/753985-3.jpg]
[lojademo.meucatalogodigital.com/lojademo/produto/462596/index.html]
[cdn.meucatalogodigital.com/lojademo/753891-3.png]
[lojademo.meucatalogodigital.com/lojademo/produto/462587/index.html]
[cdn.meucatalogodigital.com/lojademo/634532-3.jpg]
[lojademo.meucatalogodigital.com/lojademo/produto/393256/index.html]
[cdn.meucatalogodigital.com/lojademo/528117-3.jpg]
[lojademo.meucatalogodigital.com/lojademo/produto/331438/index.html]
[cdn.meucatalogodigital.com/lojademo/485499-3.jpg]
[lojademo.meucatalogodigital.com/lojademo/produto/306207/index.html]
[cdn.meucatalogodigital.com/lojademo/264522-3.jpg]
[lojademo.meucatalogodigital.com/lojademo/produto/168248/index.html]
[cdn.meucatalogodigital.com/lojademo/319158-3.jpeg]
[lojademo.meucatalogodigital.com/lojademo/produto/203813/index.html]
[cdn.meucatalogodigital.com/lojademo/76-3.jpg]
[lojademo.meucatalogodigital.com/lojademo/produto/89/index.html]
[cdn.meucatalogodigital.com/lojademo/474059-3.jpg]
[lojademo.meucatalogodigital.com/lojademo/produto/299314/index.html]
[cdn.meucatalogodigital.com/lojademo/474064-3.jpg]
[lojademo.meucatalogodigital.com/lojademo/produto/299319/index.html]
[cdn.meucatalogodigital.com/lojademo/474033-3.jpg]
[lojademo.meucatalogodigital.com/lojademo/produto/299295/index.html]
[cdn.meucatalogodigital.com/lojademo/430041-3.png]
[lojademo.meucatalogodigital.com/lojademo/produto/272539/index.html]
[cdn.meucatalogodigital.com/lojademo/370477-3.jpg]
[lojademo.meucatalogodigital.com/lojademo/produto/238720/index.html]
[cdn.meucatalogodigital.com/lojademo/246212-3.jpg]
[lojademo.meucatalogodigital.com/lojademo/produto/157141/index.html]
[cdn.meucatalogodigital.com/lojademo/430100-3.png]
[lojademo.meucatalogodigital.com/lojademo/produto/90626/index.html]
[cdn.meucatalogodigital.com/lojademo/119225-3.jpg]
[lojademo.meucatalogodigital.com/lojademo/produto/83524/index.html]
[cdn.meucatalogodigital.com/lojademo/154955-3.jpg]
[lojademo.meucatalogodigital.com/lojademo/produto/95581/index.html]
[cdn.meucatalogodigital.com/lojademo/78-3.jpeg]
[lojademo.meucatalogodigital.com/lojademo/produto/91/index.html]
[cdn.meucatalogodigital.com/lojademo/269007-3.jpg]
[lojademo.meucatalogodigital.com/lojademo/produto/171340/index.html]
[cdn.meucatalogodigital.com/lojademo/269015-3.jpg]
[lojademo.meucatalogodigital.com/lojademo/produto/171355/index.html]
[cdn.meucatalogodigital.com/lojademo/269100-3.jpg]
[cdn.meucatalogodigital.com/lojademo/243473-3.jpg]
[lojademo.meucatalogodigital.com/lojademo/produto/171415/index.html]
[cdn.meucatalogodigital.com/lojademo/73-3.jpg]
[lojademo.meucatalogodigital.com/lojademo/produto/155608/index.html]
[cdn.meucatalogodigital.com/lojademo/119230-3.jpg]
[lojademo.meucatalogodigital.com/lojademo/produto/86/index.html]
[cdn.meucatalogodigital.com/lojademo/360294-3.jpg]
[lojademo.meucatalogodigital.com/lojademo/produto/83526/index.html]
[cdn.meucatalogodigital.com/lojademo/75-3.jpg]
[lojademo.meucatalogodigital.com/lojademo/produto/232371/index.html]
[cdn.meucatalogodigital.com/lojademo/220347-3.jpg]
[lojademo.meucatalogodigital.com/lojademo/produto/88/index.html]
[cdn.meucatalogodigital.com/lojademo/77-3.jpg]
[lojademo.meucatalogodigital.com/lojademo/produto/142411/index.html]
[cdn.meucatalogodigital.com/lojademo/74-3.jpg]
[lojademo.meucatalogodigital.com/lojademo/produto/90/index.html]
[lojademo.meucatalogodigital.com/cdn-cgi/scripts/5c5dd728/cloudflare-static/email-decode.min.js]
[lojademo.meucatalogodigital.com/js/es5-shimd41d.js]
[lojademo.meucatalogodigital.com/js/jquery-3.3.1.mind41d.js]
[lojademo.meucatalogodigital.com/lojademo/produto/87/index.html]
[lojademo.meucatalogodigital.com/js/jquery.validate-1.16.0.mind41d.js]
[lojademo.meucatalogodigital.com/js/masksd41d.js]
[lojademo.meucatalogodigital.com/owl-carousel/owl.carousel.mind41d.js]
[lojademo.meucatalogodigital.com/fancybox/jquery.fancybox.mind41d.js]
[lojademo.meucatalogodigital.com/js/lazyload.mind41d.js]
[lojademo.meucatalogodigital.com/lojademo/index.html]
[lojademo.meucatalogodigital.com/js/custom-selectcd06.js]
[lojademo.meucatalogodigital.com/imagens/busca.png]
[lojademo.meucatalogodigital.com/css/estilosf59c.css]
[lojademo.meucatalogodigital.com/owl-carousel/assets/owl.video.play.png]
[lojademo.meucatalogodigital.com/owl-carousel/assets/owl.carousel.css]
[lojademo.meucatalogodigital.com/owl-carousel/assets/owl.theme.default1e95.css]
[lojademo.meucatalogodigital.com/fancybox/jquery.fancybox.min.css]
[connect.facebook.net/en_US/fbevents.js]
[lojademo.meucatalogodigital.com/lojademo/carrinho/index.html]
[lojademo.meucatalogodigital.com/lojademo/produto/633463/index.html]
[lojademo.meucatalogodigital.com/lojademo/finalizar-pedido/index.html]
[cdn.meucatalogodigital.com/lojademo/1005231-3.jpg]
[lojademo.meucatalogodigital.com/lojademo/produto/591356/index.html]
[lojademo.meucatalogodigital.com/lojademo/produto/579541/index.html]
[lojademo.meucatalogodigital.com/lojademo/produto/495928/index.html]
[lojademo.meucatalogodigital.com/lojademo/produto/462596/index.html]
[lojademo.meucatalogodigital.com/lojademo/produto/462587/index.html]
[lojademo.meucatalogodigital.com/lojademo/produto/393256/index.html]
[lojademo.meucatalogodigital.com/lojademo/produto/331438/index.html]
[lojademo.meucatalogodigital.com/lojademo/produto/306207/index.html]
[lojademo.meucatalogodigital.com/lojademo/produto/168248/index.html]
[cdn.meucatalogodigital.com/lojademo/319162-3.jpeg]
[cdn.meucatalogodigital.com/lojademo/319164-3.jpeg]
[lojademo.meucatalogodigital.com/lojademo/produto/203813/index.html]
[lojademo.meucatalogodigital.com/lojademo/produto/89/index.html]
[lojademo.meucatalogodigital.com/lojademo/produto/299314/index.html]
[lojademo.meucatalogodigital.com/lojademo/produto/299319/index.html]
[lojademo.meucatalogodigital.com/lojademo/produto/299295/index.html]
[lojademo.meucatalogodigital.com/lojademo/produto/272539/index.html]
[lojademo.meucatalogodigital.com/lojademo/produto/238720/index.html]
[lojademo.meucatalogodigital.com/lojademo/produto/157141/index.html]
[lojademo.meucatalogodigital.com/lojademo/produto/90626/index.html]
[cdn.meucatalogodigital.com/lojademo/119226-3.jpg]
[cdn.meucatalogodigital.com/lojademo/119227-3.jpg]
[lojademo.meucatalogodigital.com/lojademo/produto/83524/index.html]
[lojademo.meucatalogodigital.com/lojademo/produto/95581/index.html]
[lojademo.meucatalogodigital.com/lojademo/produto/91/index.html]
[lojademo.meucatalogodigital.com/lojademo/produto/171340/index.html]
[lojademo.meucatalogodigital.com/lojademo/produto/171355/index.html]
[lojademo.meucatalogodigital.com/lojademo/produto/171415/index.html]
[cdn.meucatalogodigital.com/lojademo/243475-3.jpg]
[cdn.meucatalogodigital.com/lojademo/243476-3.jpg]
[lojademo.meucatalogodigital.com/lojademo/produto/155608/index.html]
[lojademo.meucatalogodigital.com/lojademo/produto/86/index.html]
[cdn.meucatalogodigital.com/lojademo/119231-3.jpg]
[lojademo.meucatalogodigital.com/lojademo/produto/83526/index.html]
[lojademo.meucatalogodigital.com/lojademo/produto/232371/index.html]
[lojademo.meucatalogodigital.com/lojademo/produto/88/index.html]
[lojademo.meucatalogodigital.com/lojademo/produto/142411/index.html]
[lojademo.meucatalogodigital.com/lojademo/produto/90/index.html]
[lojademo.meucatalogodigital.com/lojademo/produto/87/index.html]
[lojademo.meucatalogodigital.com/lojademo/c/index.html]
[lojademo.meucatalogodigital.com/lojademo/b/index.html]
[lojademo.meucatalogodigital.com/lojademo/POST/index.html]
[lojademo.meucatalogodigital.com/lojademo/finalizar-pedido/index.html]
